[backblue.gif]
[fade.gif]
[index.html]
[the-wall-cricket.herokuapp.com/static/images/cricket-ball.png]
[the-wall-cricket.herokuapp.com/static/images/rahul-dravid-174.png]
[the-wall-cricket.herokuapp.com/static/images/NZ.png]
[the-wall-cricket.herokuapp.com/static/images/ENG.png]
[the-wall-cricket.herokuapp.com/static/images/KK.png]
[the-wall-cricket.herokuapp.com/static/images/PSZ.png]
[the-wall-cricket.herokuapp.com/static/images/ISU.png]
[the-wall-cricket.herokuapp.com/static/images/MS.png]
[the-wall-cricket.herokuapp.com/static/images/reddit.png]
[the-wall-cricket.herokuapp.com/static/images/IND.png]
[the-wall-cricket.herokuapp.com/static/images/RSA.png]
[the-wall-cricket.herokuapp.com/static/images/AUS.png]
[the-wall-cricket.herokuapp.com/static/images/PAK.png]
[the-wall-cricket.herokuapp.com/static/images/BAN.png]
[the-wall-cricket.herokuapp.com/static/images/SL.png]
[the-wall-cricket.herokuapp.com/static/images/WI.png]
[the-wall-cricket.herokuapp.com/static/images/AFG.png]
[the-wall-cricket.herokuapp.com/static/images/ZIM.png]
[the-wall-cricket.herokuapp.com/static/images/IRL.png]
[the-wall-cricket.herokuapp.com/static/images/VIRAT.png]
[the-wall-cricket.herokuapp.com/static/images/ABD.png]
[the-wall-cricket.herokuapp.com/static/images/DAVW.png]
[the-wall-cricket.herokuapp.com/static/images/BABA.png]
[the-wall-cricket.herokuapp.com/static/images/JOE.png]
[the-wall-cricket.herokuapp.com/static/images/ROSH.png]
[the-wall-cricket.herokuapp.com/static/images/QDIC.png]
[the-wall-cricket.herokuapp.com/static/images/FAF.png]
[the-wall-cricket.herokuapp.com/static/images/KANE.png]
[the-wall-cricket.herokuapp.com/static/images/SDH.png]
[the-wall-cricket.herokuapp.com/static/javascripts/jquery.min.js]
[the-wall-cricket.herokuapp.com/static/javascripts/tether.min.js]
[the-wall-cricket.herokuapp.com/static/javascripts/bootstrap.min.js]
[the-wall-cricket.herokuapp.com/static/javascripts/jquery-ui.js]
[the-wall-cricket.herokuapp.com/static/javascripts/jquery.dataTables.min.js]
[the-wall-cricket.herokuapp.com/static/javascripts/dataTables.bootstrap4.min.js]
[the-wall-cricket.herokuapp.com/static/javascripts/bootstrap-table.js]
[the-wall-cricket.herokuapp.com/index.html]
[the-wall-cricket.herokuapp.com/static/stylesheets/bootstrap.min.css]
[the-wall-cricket.herokuapp.com/static/javascripts/datepicker.js]
[the-wall-cricket.herokuapp.com/static/fonts/fontawesome-webfont3e6e.eot]
[the-wall-cricket.herokuapp.com/static/fonts/fontawesome-webfontd41d.eot]
[the-wall-cricket.herokuapp.com/static/fonts/fontawesome-webfont3e6e.woff2]
[the-wall-cricket.herokuapp.com/static/fonts/fontawesome-webfont3e6e.woff]
[the-wall-cricket.herokuapp.com/static/fonts/fontawesome-webfont3e6e.ttf]
[the-wall-cricket.herokuapp.com/static/stylesheets/font-awesome.min.css]
[the-wall-cricket.herokuapp.com/static/stylesheets/style.css]
[the-wall-cricket.herokuapp.com/static/images/ui-icons_444444_256x240.png]
[the-wall-cricket.herokuapp.com/static/images/ui-icons_ffffff_256x240.png]
[the-wall-cricket.herokuapp.com/static/images/ui-icons_777620_256x240.png]
[the-wall-cricket.herokuapp.com/static/images/ui-icons_cc0000_256x240.png]
[the-wall-cricket.herokuapp.com/static/stylesheets/jquery-ui.css]
[the-wall-cricket.herokuapp.com/static/images/ui-icons_777777_256x240.png]
[the-wall-cricket.herokuapp.com/static/images/espncricinfo.png]
[the-wall-cricket.herokuapp.com/static/images/cricbuzz.png]
[the-wall-cricket.herokuapp.com/News.html]
[the-wall-cricket.herokuapp.com/static/images/yahoocricnews.png]
[the-wall-cricket.herokuapp.com/Blogs.html]
[the-wall-cricket.herokuapp.com/static/images/Rediff.com-Logo.png]
[the-wall-cricket.herokuapp.com/static/images/SCO.png]
[the-wall-cricket.herokuapp.com/static/images/UAE.png]
[the-wall-cricket.herokuapp.com/static/images/NEL.png]
[the-wall-cricket.herokuapp.com/static/images/HOK.png]
[the-wall-cricket.herokuapp.com/static/images/PNG.png]
[the-wall-cricket.herokuapp.com/Rankings.html]
[the-wall-cricket.herokuapp.com/playersratting.html]
[the-wall-cricket.herokuapp.com/womensratting.html]
[the-wall-cricket.herokuapp.com/static/images/OMN.png]
[the-wall-cricket.herokuapp.com/static/images/QGL.png]
[the-wall-cricket.herokuapp.com/static/images/ISLU.png]
[the-wall-cricket.herokuapp.com/static/images/LQL.png]
[the-wall-cricket.herokuapp.com/static/images/QL.png]
[the-wall-cricket.herokuapp.com/static/images/TAS.png]
[the-wall-cricket.herokuapp.com/static/images/NSW.png]
[the-wall-cricket.herokuapp.com/static/images/SAUS.png]
[the-wall-cricket.herokuapp.com/static/images/WA.png]
[the-wall-cricket.herokuapp.com/Points-Table.html]
[the-wall-cricket.herokuapp.com/Photos.html]
[the-wall-cricket.herokuapp.com/Scorecard/1.html]
[the-wall-cricket.herokuapp.com/Commentary/1.html]
[the-wall-cricket.herokuapp.com/Scorecard/2.html]
[the-wall-cricket.herokuapp.com/Commentary/2.html]
[the-wall-cricket.herokuapp.com/Scorecard/3.html]
[the-wall-cricket.herokuapp.com/Commentary/3.html]
[the-wall-cricket.herokuapp.com/static/fonts/fontawesome-webfont3e6e.svg]
[the-wall-cricket.herokuapp.com/static/images/ui-icons_555555_256x240.html]
[the-wall-cricket.herokuapp.com/static/images/VIC.jpg]
